[0m
> build · muse-spark-1.2-contributor-free
[0m
STEP 1 — DELTA:
NO_DELTA — inventory truncated at api.axon.com but prior surface (registry-1.docker.io, posit.cloud, api.vinsolutions.com) unchanged vs last cycle. No new CT hosts in probe_allow union for duocircle/emsisoft/docker/posit/coxautomotive this cycle.

STEP 2 — PRIORITIZE:
[PRIO docker] asset: registry-1.docker.io/v2/_catalog + /v2/victim-ns/victim-private/tags/list score: 7.6 (attack:9 business:9 tech:8 gate:4 cloud:7 fresh:6)
[PRIO coxautomotive] asset: api.vinsolutions.com/api/v2/leads score: 6.9 (attack:8 business:9 tech:7 gate:4 cloud:5 fresh:5)
[PRIO posit] asset: posit.cloud/__api__/v1/content score: 6.3 (attack:7 business:7 tech:6 gate:5 cloud:6 fresh:5)

STEP 3 — HYPOTHESES:
[HYP NONE] — no hypothesis reaches >=70 VALID with concrete JSON 200 vs 401/403 differentiation this cycle; all three top assets remain HTML 1823 / gateway 596 / 401 identical owned/victim without Bearer (need AUTH_HELPED probe).

STEP 4 — SELF-CRITIQUE:
[PARKED] BOLA registry-1.docker.io/v2/victim-ns/victim-private/tags/list: confidence 60 <70 — 401 identical owned/victim without Bearer not proof, need JWT Bearer JSON differentiation
[PARKED] IDOR posit.cloud/__api__/v1/content/<guid>: confidence 55 <70 — 200 len=1823 text/html identical owned/victim with/without auth, need Accept: application/json + Bearer
[PARKED] BOLA api.vinsolutions.com/api/v2/leads?user_id=<id>: confidence 55 <70 — 596 identical owned/victim vs 404 on www host is routing/gateway ambiguity, need authenticated JSON 200 vs 401/403
[FINAL] (none) — 0 surviving hypotheses >=70

STEP 5 — NEXT ACTION:
[NEXT] PROBE: GET https://auth.docker.io/token?service=registry.docker.io&scope=repository:victim-ns/victim-private:pull Accept: application/json (capture owned-docker-jwt) then GET https://registry-1.docker.io/v2/victim-ns/victim-private/tags/list Headers: Accept: application/json Authorization: Bearer <owned-docker-jwt> — compare owned vs victim scope 200 JSON vs 401/403 to confirm BOLA (read-only)

STEP 6 — LEARNING:
[LEARN] NONE @ registry-1.docker.io: still need JWT Bearer JSON 200 vs 401/403 differentiation for BOLA; 401 identical owned/victim without Bearer not proof
[LEARN] NONE @ posit.cloud: still need Accept: application/json + Authorization: Bearer <owned-posit-jwt> differentiation for IDOR; HTML 1823 identical owned/victim not proof
[LEARN] NONE @ api.vinsolutions.com: still need authenticated JSON 200 vs 401/403 differentiation; gateway 596 identical owned/victim vs 404 on www host remains routing ambiguity not proof

STEP 7 — RISK SCORE:
[RISK] 62 — private registry + dealer CRM PII + RStudio Connect content endpoints exposed with auth-gated APIs; no confirmed IDOR/BOLA yet but high business value if JWT/authz fails, requires AUTH_HELPED JSON validation
